{"level":"error","message":"Session not found","service":"booking.controller","timestamp":"2026-09-11 12:39:09"}
{"level":"error","message":"Session not found","service":"booking.controller","timestamp":"2026-09-11 12:39:52"}
{"level":"error","message":"Session not found","service":"booking.controller","timestamp":"2026-09-11 12:43:18"}
{"level":"error","message":"Session not found","service":"booking.controller","timestamp":"2026-09-11 12:45:28"}
{"level":"error","message":"Session not found","service":"booking.controller","timestamp":"2026-09-11 12:46:48"}
{"level":"error","message":"Session not found","service":"booking.controller","timestamp":"2026-09-11 12:58:58"}
{"level":"error","message":"Session not found","service":"booking.controller","timestamp":"2026-09-11 12:59:46"}
{"level":"error","message":"Session not found","service":"booking.controller","timestamp":"2026-09-11 13:00:02"}
{"level":"error","message":"Session not found","service":"booking.controller","timestamp":"2026-09-11 13:01:41"}
{"level":"error","message":"Session not found","service":"booking.controller","timestamp":"2026-09-11 13:02:11"}
{"level":"error","message":"Cannot coerce the result to a single JSON object","service":"booking.controller","timestamp":"2026-09-11 13:02:52"}
{"level":"error","message":"Session not found","service":"booking.controller","timestamp":"2026-09-11 13:06:55"}
{"level":"error","message":"Session not found","service":"booking.controller","timestamp":"2026-09-11 13:09:50"}
{"level":"error","message":"insert or update on table \"bookings\" violates foreign key constraint \"bookings_user_id_fkey\"","service":"booking.controller","timestamp":"2026-09-11 13:14:02"}
{"level":"error","message":"Session not found","service":"booking.controller","timestamp":"2026-09-11 13:14:12"}
{"level":"error","message":"one or more training types do not exist","service":"user.controller","timestamp":"2026-09-11 13:42:42"}
{"level":"error","message":"one or more training types do not exist","service":"user.controller","timestamp":"2026-09-11 13:45:38"}
{"level":"error","message":"one or more training types do not exist","service":"user.controller","timestamp":"2026-09-11 13:47:11"}
{"level":"error","message":"permission denied for table profile_training_types","service":"user.controller","timestamp":"2026-09-11 13:47:55"}
{"level":"error","message":"permission denied for table profile_training_types","service":"user.controller","timestamp":"2026-09-11 13:52:24"}
{"level":"error","message":"permission denied for table profile_training_types","service":"user.controller","timestamp":"2026-09-11 13:52:30"}
{"level":"error","message":"date/time field value out of range: \"2026-30-09\"","service":"session.controller","timestamp":"2026-09-11 14:18:45"}
